2.6602093189060585
2.6769501045806727
2.7059018162767705
2.7344596271334654
2.764002190088667
2.7911813480074525
2.821905613480862
^CException ignored in: <module 'threading' from '/usr/lib/python3.8/threading.py'>
Traceback (most recent call last):
  File "/usr/lib/python3.8/threading.py", line 1388, in _shutdown
    lock.acquire()
KeyboardInterrupt:
p4@p4:~/P4-INT$ sudo python3 top_cpu_uti.py
4191
0.0
8.0
8.0
7.0
7.9
8.0
8.0
7.0
11.0
6.9
7.9
7.9
7.0
8.0
7.0
9.0
6.9
7.0
7.0
8.0
7.0
7.0
9.0
7.0
7.0
8.0
8.0
7.0
7.0
8.0
7.0
7.0
8.0
7.0
7.0
8.0
8.0
8.0
7.0
7.0
9.0
7.0
7.0
8.0
7.0
8.0
7.0
11.9
7.0
^CException ignored in: <module 'threading' from '/usr/lib/python3.8/threading.py'>
Traceback (most recent call last):
  File "/usr/lib/python3.8/threading.py", line 1388, in _shutdown
    lock.acquire()
KeyboardInterrupt:
p4@p4:~/P4-INT$ ^C
p4@p4:~/P4-INT$ ^C
p4@p4:~/P4-INT$ sudo python3 top_mem_uti.py
4191
5.639675268147997
5.639675268147997
5.639675268147997
5.639675268147997
5.639675268147997
5.639675268147997
5.639675268147997
5.654052648786195
5.679853153767071
5.711956072178389
5.73834742841837
5.756072966191491
5.78522162830729
5.8139763895836865
5.842928101279784
5.87030420961827
5.886454144033781
5.91560280614958
5.944554517845678
5.973506229541775
5.999306734522651
6.017426173135175
6.046377884831273
6.075526546947072
6.088328324227659
6.088328324227659
^CException ignored in: <module 'threading' from '/usr/lib/python3.8/threading.py'>
Traceback (most recent call last):
  File "/usr/lib/python3.8/threading.py", line 1388, in _shutdown
    lock.acquire()
KeyboardInterrupt:
p4@p4:~/P4-INT$ sudo python3 top_mem_uti.py
4420
2.601715044254759
2.631454557629662
2.6586337155484476
2.6879793280839483
2.7049170641782636
2.732490122936452
2.76301743799016
2.790393546328647
2.821117811802057
2.8356921428599566
2.864643854556054
2.8939894670915542
2.923138129207353
2.9522867913231523
2.979662899661639
2.9958128340771495
3.024764545773247
3.053913207889046
3.081289316227533
3.1116196808615397
3.1263909623391406
3.1555396244549394
3.1829157327934268
3.214033899106239
3.2429856108023367
3.270361719140823
3.2865116535563335
3.3158572660918337
3.345005928207633
3.374154590323432
3.399955095304308
3.4176806330774294
3.4434811380583055
3.4740084531120137
3.5045357681657223
3.5303362731465984
3.5482587613394205
3.577013522615817
3.602814027596693
3.634916946008012
3.6642625585435122
3.69321427023961
3.7205903785780965
3.7351647096359963
3.764313371751795
3.7952345876449063
3.824383249760705
3.851562407679491
3.8775598630800685
3.896664053791098
3.9250249142280924
3.954961378022696
3.983519188879391
4.010895297217878
4.039847008913975
4.054421339971875
4.080418795372453
4.114294267561084
4.143245979257182
4.17239464137298
4.187165922850582
4.214542031189068
4.245266296662479
4.274218008358576
4.302972769634971
4.317941001532274
4.346695762808671
4.37584442492447
4.4045991862008655
4.433550897896963
4.462502609593061
4.475304386873648
4.505831701927357
4.535374264882559
4.5643259765786555
4.591702084917143
4.606079465555341
4.635031177251438
4.661028632652016
4.696479708198258
4.725431419894355
4.740005750952255
4.765806255933131
4.791803711333708
4.817801166734286
4.856009548156347
4.870386928794545
4.90918616147571
4.928290352186741
4.9574390143025395
4.984815122641026
5.013766834337123
5.029916768752634
5.058080678769927
5.088214092984232
5.117559705519732
5.144935813858219
5.175463128911928
5.201263633892804
5.218792221246224
5.2479408833620225
5.27689259505812
5.305647356334516
5.332826514253302
5.3472038948915
5.377731209945209
5.40727377290041
5.434649881238897
5.465177196292605
5.492553304631092
5.508900189466304
5.5378519011624014
5.565424959920589
5.594376671616687
5.625100937090097
5.654052648786195
5.668430029424393
5.697578691540191
5.724954799878679
5.753906511574776
5.784827727467888
5.810628232448764
5.836625687849341
